// Jest Snapshot v1, https://goo.gl/fbAQLP

exports[`Verify if header renders correctly 1`] = `
<header
  className="sc-AxjAm fdFFYC"
>
  <h1>
    <em>
      Empresa XPTO
    </em>
     - Conhe√ßa todos os nossos produtos
  </h1>
  <p>
    Listagem de produtos - clique no produto desejado para saber mais
  </p>
</header>
`;
